<jsp:root xmlns:jsp="http://java.sun.com/JSP/Page"
	xmlns:ol="urn:jsptagdir:/WEB-INF/tags/web" 
	xmlns:c="http://java.sun.com/jsp/jstl/core" 
	xmlns:fn="http://java.sun.com/jsp/jstl/functions"
	xmlns:spring="http://www.springframework.org/tags"
	xmlns:form="http://www.springframework.org/tags/form"
	version="2.0">
	<jsp:directive.page contentType="text/html;charset=UTF-8" pageEncoding="UTF-8" /> 
	<jsp:output omit-xml-declaration="yes" /> 

	<div>	
		<script>
			require(["dijit/layout/TabContainer",
					"dijit/layout/ContentPane"]);
		</script>
	
		<div class="tabbed_area" data-dojo-type="dijit.layout.TabContainer"
			style="width: 100%;" doLayout="false">
			<div id="CompositeScreenForPage" title="Composite Screen For Page" selected="true" data-dojo-type="dijit.layout.ContentPane" onLoad="runOnloads();" data-dojo-props="href:'${pageContext.request.contextPath}/CompositeScreenForPage/${ol_entityId}?partial=1'">
				<div><!----></div>
			</div>
			<div id="ScreenForPage" title="Screen For Page" onLoad="runOnloads();" data-dojo-type="dijit.layout.ContentPane" data-dojo-props="href:'${pageContext.request.contextPath}/ScreenForPage/${ol_entityId}?partial=1'">
				<div><!----></div>
			</div>
		</div>
	
	</div>
</jsp:root>