<jsp:root xmlns:jsp="http://java.sun.com/JSP/Page"
	xmlns:ol="urn:jsptagdir:/WEB-INF/tags/web" 
	version="2.0">
	<jsp:directive.page contentType="text/html;charset=UTF-8" pageEncoding="UTF-8" /> 
	<jsp:output omit-xml-declaration="yes" /> 

	<ol:form model="screenForPage">
			<ol:pagePart left="12%" top="20%" width="26%">
				<ol:row columns="1">
	 				<ol:field name="fldCol12" />
				</ol:row>
				<ol:row columns="1">
	 				<ol:field name="fld2Col12" />
				</ol:row>
				<ol:row columns="1">
	 				<ol:field name="fld3Col12" />
				</ol:row>
			</ol:pagePart>
			<ol:field name="fldRow10" top="37%" left="26%" width="27%" />
			<ol:field name="fld2Row10" top="37%" left="51%" width="27%" />
			<ol:field name="orphanFld" top="95%" left="8%" width="28%" />
			<ol:pagePart left="0%" top="0%" width="100%">
				<ol:row columns="2">
	 				<ol:field name="screenForPagePart.fldRow20" />
	 				<ol:field name="screenForPagePart.fld2Row20" />
				</ol:row>
			</ol:pagePart>
			<ol:pagePart left="6%" top="54%" width="31%">
					<ol:table data="${screenForPage.screenForPageRows}" property="screenForPageRows"  />
			</ol:pagePart>
		
	</ol:form>
</jsp:root>