// WARNING: DO NOT EDIT THIS FILE.
// You may push code into the target .java compilation unit if you wish to edit any member(s).

package com.someorg.examples.screens;

import java.util.*;
import org.openlegacy.terminal.ScreenEntity;
import org.openlegacy.terminal.Color;
import org.openlegacy.terminal.definitions.TerminalActionDefinition;

privileged @SuppressWarnings("unused") aspect TableScreen_Aspect {

    declare parents: TableScreen implements ScreenEntity;
    private String TableScreen.focusField;
    private List<TerminalActionDefinition> TableScreen.actions = new ArrayList<TerminalActionDefinition>();
    
	

    private List<TerminalActionDefinition> TableScreen.tableScreenRecordsActions = new ArrayList<TerminalActionDefinition>();
    

    public List<TableScreenRecord> TableScreen.getTableScreenRecords(){
    	return this.tableScreenRecords;
    }
    

    public List<TerminalActionDefinition> TableScreen.getTableScreenRecordsActions(){
    	return this.tableScreenRecordsActions;
    }

    public String TableScreen.getFocusField(){
    	return focusField;
    }
    public void TableScreen.setFocusField(String focusField){
    	this.focusField = focusField;
    }
    
    public List<TerminalActionDefinition> TableScreen.getActions(){
    	return actions;
    }
    
}