// WARNING: DO NOT EDIT THIS FILE.
// You may push code into the target .java compilation unit if you wish to edit any member(s).

package com.someorg.examples.screens;

import java.util.*;
import org.openlegacy.terminal.ScreenEntity;
import org.openlegacy.terminal.Color;
import org.openlegacy.terminal.definitions.TerminalActionDefinition;

privileged @SuppressWarnings("unused") aspect ItemDetails_Aspect {

    declare parents: ItemDetails implements ScreenEntity;
    private String ItemDetails.focusField;
    private List<TerminalActionDefinition> ItemDetails.actions = new ArrayList<TerminalActionDefinition>();
    
	

	

    

    public Integer ItemDetails.getItemNumber(){
    	return this.itemNumber;
    }
    
    public void ItemDetails.setItemNumber(Integer itemNumber){
    	this.itemNumber = itemNumber;
    }



    public String ItemDetails.getDescription(){
    	return this.description;
    }
    
    public void ItemDetails.setDescription(String description){
    	this.description = description;
    }




    public String ItemDetails.getFocusField(){
    	return focusField;
    }
    public void ItemDetails.setFocusField(String focusField){
    	this.focusField = focusField;
    }
    
    public List<TerminalActionDefinition> ItemDetails.getActions(){
    	return actions;
    }
    
}
