// WARNING: DO NOT EDIT THIS FILE.
// You may push code into the target .java compilation unit if you wish to edit any member(s).

package com.someorg.examples.screens;

import java.util.*;
import org.openlegacy.terminal.ScreenEntity;
import org.openlegacy.terminal.definitions.TerminalActionDefinition;

privileged @SuppressWarnings("unused") aspect DescriptionFieldScreen_Aspect {

    declare parents: DescriptionFieldScreen implements ScreenEntity;
    private String DescriptionFieldScreen.focusField;
    private List<TerminalActionDefinition> DescriptionFieldScreen.actions = new ArrayList<TerminalActionDefinition>();
    
	

    private String DescriptionFieldScreen.someFieldDescription;
    

    public String DescriptionFieldScreen.getSomeField(){
    	return this.someField;
    }
    

    public String  DescriptionFieldScreen.getSomeFieldDescription(){
    	return this.someFieldDescription;
    }



    public String DescriptionFieldScreen.getFocusField(){
    	return focusField;
    }
    public void DescriptionFieldScreen.setFocusField(String focusField){
    	this.focusField = focusField;
    }
    
    public List<TerminalActionDefinition> DescriptionFieldScreen.getActions(){
    	return actions;
    }
    
}
