package com.test;

import org.openlegacy.annotations.screen.*;
import org.openlegacy.terminal.actions.TerminalActions;
import org.openlegacy.terminal.actions.TerminalAction.AdditionalKey;

@ScreenEntity(child=true)
@ScreenIdentifiers(identifiers = { 
				@Identifier(row = 2, column = 30, value = "Work with Item Master     "), 
				@Identifier(row = 4, column = 2, value = "Type choices, press Enter."), 
				@Identifier(row = 6, column = 2, value = "Item Number/Desc :") 
				})
@ScreenActions(actions = { 
				@Action(action = TerminalActions.F1.class, displayName = "Help", alias = "help"), 
				@Action(action = TerminalActions.F3.class, displayName = "Cancel", alias = "cancel"), 
				@Action(action = TerminalActions.F4.class, displayName = "Prompt", alias = "prompt"), 
				@Action(action = TerminalActions.F12.class, displayName = "Return", alias = "return_"), 
				@Action(action = TerminalActions.F2.class ,additionalKey= AdditionalKey.SHIFT, displayName = "Delete", alias = "delete") 
				})
@ScreenNavigation(accessedFrom = WorkWithItemMaster1.class 
					, assignedFields = { 
					@AssignedField(field = "itemDescription")
					 }						
					)
public class WorkWithItemMaster2 {
    
	
	@ScreenField(row = 6, column = 22, endColumn= 36 ,labelColumn= 2 ,displayName = "Item Number/Desc", sampleValue = "2000")
    private Integer itemNumberdesc;
	
	@ScreenField(row = 7, column = 29, endColumn= 43 ,labelColumn= 2 ,editable= true ,displayName = "N/L Cost of Sales Account")
    private String nlCostOfSalesAccount;
	
	@ScreenField(row = 8, column = 29, endColumn= 43 ,labelColumn= 2 ,editable= true ,displayName = "N/L Sales Account")
    private String nlSalesAccount;
	
	@ScreenField(row = 9, column = 29, endColumn= 43 ,labelColumn= 2 ,editable= true ,displayName = "N/L Stock Account")
    private String nlStockAccount;
	
	@ScreenField(row = 10, column = 29, endColumn= 33 ,labelColumn= 18 ,editable= true)
    private String field2;
	
	@ScreenField(row = 11, column = 29, endColumn= 33 ,labelColumn= 18 ,editable= true)
    private String field1;
	
	@ScreenField(row = 12, column = 29, endColumn= 33 ,labelColumn= 18 ,editable= true)
    private String field;
	
	@ScreenField(row = 13, column = 29, endColumn= 29 ,labelColumn= 2 ,editable= true ,displayName = "Item Type  business area")
    private String itemTypeBusinessArea;
	
	@ScreenField(row = 14, column = 29, endColumn= 29 ,labelColumn= 2 ,editable= true ,displayName = "Stock Analysis Code")
    private String stockAnalysisCode;
	
	@ScreenField(row = 15, column = 29, endColumn= 29 ,labelColumn= 2 ,editable= true ,displayName = "Stock Value Group")
    private String stockValueGroup;
	
	@ScreenField(row = 16, column = 29, endColumn= 30 ,labelColumn= 2 ,editable= true ,displayName = "Stock Inventory Group")
    private String stockInventoryGroup;
	
	@ScreenField(row = 17, column = 29, endColumn= 41 ,labelColumn= 2 ,editable= true ,displayName = "List Price")
    private Integer listPrice;
	
	@ScreenField(row = 18, column = 29, endColumn= 41 ,labelColumn= 2 ,editable= true ,displayName = "Standard unit cost")
    private Integer standardUnitCost;
	
	@ScreenField(row = 19, column = 69, endColumn= 78 ,labelColumn= 51 ,displayName = "Created date", sampleValue = "17/01/2005")
    private String createdDate;
	
	@ScreenField(row = 20, column = 69, endColumn= 78 ,labelColumn= 51 ,displayName = "Created By", sampleValue = "STUDENT2")
    private String createdBy;
	
	@ScreenField(row = 21, column = 69, endColumn= 78 ,labelColumn= 51 ,displayName = "Amended date", sampleValue = "0/00/0000")
    private String amendedDate;
	
	@ScreenField(row = 22, column = 69, endColumn= 78 ,labelColumn= 51 ,displayName = "Amended By")
    private String amendedBy;

    


 
}
