<?xml version="1.0" encoding="UTF-8" standalone="yes"?>
<terminal-trail>
    <snapshot type="INCOMING" sequence="1">
        <row rowNumber="1">
            <field column="2" value="                    " length="20"/>
            <field column="23" value="             Sign On             " length="33"/>
            <field column="57" value="                        " length="24"/>
        </row>
        <row rowNumber="2">
            <field column="1" value="                                              " length="46"/>
            <field column="48" value="System  . . . . . :" length="19"/>
            <field column="68" value=" " length="1"/>
            <field column="70" value="S44R5550" length="8"/>
            <field column="79" value="  " length="2"/>
        </row>
        <row rowNumber="3">
            <field column="1" value="                                              " length="46"/>
            <field column="48" value="Subsystem . . . . :" length="19"/>
            <field column="68" value=" " length="1"/>
            <field column="70" value="QBASE     " length="10"/>
        </row>
        <row rowNumber="4">
            <field column="1" value="                                              " length="46"/>
            <field column="48" value="Display . . . . . :" length="19"/>
            <field column="68" value=" " length="1"/>
            <field column="70" value="QPADEV00RT" length="10"/>
        </row>
        <row rowNumber="6">
            <field column="1" value="               " length="15"/>
            <field column="17" value="User  . . . . . . . . . . . . . ." length="33"/>
            <field column="51" value=" " length="1"/>
            <field column="53" length="10" editable="true"/>
            <field column="64" value="                 " length="17"/>
        </row>
        <row rowNumber="7">
            <field column="1" value="               " length="15"/>
            <field column="17" value="Password  . . . . . . . . . . . ." length="33"/>
            <field column="51" value=" " length="1"/>
            <field column="53" length="10" editable="true" hidden="true"/>
            <field column="64" value="                 " length="17"/>
        </row>
        <row rowNumber="8">
            <field column="1" value="               " length="15"/>
            <field column="17" value="Program/procedure . . . . . . . ." length="33"/>
            <field column="51" value=" " length="1"/>
            <field column="53" length="10" editable="true"/>
            <field column="64" value="                 " length="17"/>
        </row>
        <row rowNumber="9">
            <field column="1" value="               " length="15"/>
            <field column="17" value="Menu  . . . . . . . . . . . . . ." length="33"/>
            <field column="51" value=" " length="1"/>
            <field column="53" length="10" editable="true"/>
            <field column="64" value="                 " length="17"/>
        </row>
        <row rowNumber="10">
            <field column="1" value="               " length="15"/>
            <field column="17" value="Current library . . . . . . . . ." length="33"/>
            <field column="51" value=" " length="1"/>
            <field column="53" length="10" editable="true"/>
            <field column="64" value="                 " length="17"/>
        </row>
        <row rowNumber="24">
            <field column="1" value="                                      " length="38"/>
            <field column="40" value=" (C) COPYRIGHT IBM CORP. 1980, 1999.    " length="40"/>
        </row>
        <size rows="24" columns="80"/>
        <cursor row="6" column="53"/>
    </snapshot>
    <snapshot type="OUTGOING" command="[enter]" sequence="2">
        <row rowNumber="1">
            <field column="2" value="                    " length="20"/>
            <field column="23" value="             Sign On             " length="33"/>
            <field column="57" value="                        " length="24"/>
        </row>
        <row rowNumber="2">
            <field column="1" value="                                              " length="46"/>
            <field column="48" value="System  . . . . . :" length="19"/>
            <field column="68" value=" " length="1"/>
            <field column="70" value="S44R5550" length="8"/>
            <field column="79" value="  " length="2"/>
        </row>
        <row rowNumber="3">
            <field column="1" value="                                              " length="46"/>
            <field column="48" value="Subsystem . . . . :" length="19"/>
            <field column="68" value=" " length="1"/>
            <field column="70" value="QBASE     " length="10"/>
        </row>
        <row rowNumber="4">
            <field column="1" value="                                              " length="46"/>
            <field column="48" value="Display . . . . . :" length="19"/>
            <field column="68" value=" " length="1"/>
            <field column="70" value="QPADEV00RT" length="10"/>
        </row>
        <row rowNumber="6">
            <field column="1" value="               " length="15"/>
            <field column="17" value="User  . . . . . . . . . . . . . ." length="33"/>
            <field column="51" value=" " length="1"/>
            <field column="53" value="user" length="10" modified="true" editable="true"/>
            <field column="64" value="                 " length="17"/>
        </row>
        <row rowNumber="7">
            <field column="1" value="               " length="15"/>
            <field column="17" value="Password  . . . . . . . . . . . ." length="33"/>
            <field column="51" value=" " length="1"/>
            <field column="53" value="***" length="10" modified="true" editable="true" hidden="true"/>
            <field column="64" value="                 " length="17"/>
        </row>
        <row rowNumber="8">
            <field column="1" value="               " length="15"/>
            <field column="17" value="Program/procedure . . . . . . . ." length="33"/>
            <field column="51" value=" " length="1"/>
            <field column="53" length="10" editable="true"/>
            <field column="64" value="                 " length="17"/>
        </row>
        <row rowNumber="9">
            <field column="1" value="               " length="15"/>
            <field column="17" value="Menu  . . . . . . . . . . . . . ." length="33"/>
            <field column="51" value=" " length="1"/>
            <field column="53" length="10" editable="true"/>
            <field column="64" value="                 " length="17"/>
        </row>
        <row rowNumber="10">
            <field column="1" value="               " length="15"/>
            <field column="17" value="Current library . . . . . . . . ." length="33"/>
            <field column="51" value=" " length="1"/>
            <field column="53" length="10" editable="true"/>
            <field column="64" value="                 " length="17"/>
        </row>
        <row rowNumber="24">
            <field column="1" value="                                      " length="38"/>
            <field column="40" value=" (C) COPYRIGHT IBM CORP. 1980, 1999.    " length="40"/>
        </row>
        <size rows="24" columns="80"/>
        <cursor row="6" column="53"/>
    </snapshot>
    <snapshot type="INCOMING" sequence="2">
        <row rowNumber="1">
            <field column="2" value="STUDENT2  " length="10"/>
            <field column="13" value="            " length="12"/>
            <field column="26" value="           Demo Environment   " length="30"/>
            <field column="57" value="                        " length="24"/>
        </row>
        <row rowNumber="3">
            <field column="2" value="Select one of the following:" length="28"/>
            <field column="31" value="                                                  " length="50"/>
        </row>
        <row rowNumber="5">
            <field column="2" value="   " length="3"/>
            <field column="6" value=" 1." length="3"/>
            <field column="10" value="Inventory Management                              " length="50"/>
            <field column="61" value="                    " length="20"/>
        </row>
        <row rowNumber="6">
            <field column="1" value="    " length="4"/>
            <field column="6" value=" 2." length="3"/>
            <field column="10" value="Inventory Purchasing                              " length="50"/>
            <field column="61" value="                    " length="20"/>
        </row>
        <row rowNumber="7">
            <field column="1" value="    " length="4"/>
            <field column="6" value=" 3." length="3"/>
            <field column="10" value="Sales Order Processing                            " length="50"/>
            <field column="61" value="                    " length="20"/>
        </row>
        <row rowNumber="8">
            <field column="1" value="    " length="4"/>
            <field column="6" value=" 4." length="3"/>
            <field column="10" value="Menu Options                                      " length="50"/>
            <field column="61" value="                    " length="20"/>
        </row>
        <row rowNumber="9">
            <field column="1" value="    " length="4"/>
            <field column="6" value="   " length="3"/>
            <field column="10" value="                                                  " length="50"/>
            <field column="61" value="                    " length="20"/>
        </row>
        <row rowNumber="10">
            <field column="1" value="    " length="4"/>
            <field column="6" value="   " length="3"/>
            <field column="10" value="                                                  " length="50"/>
            <field column="61" value="                    " length="20"/>
        </row>
        <row rowNumber="11">
            <field column="1" value="    " length="4"/>
            <field column="6" value="   " length="3"/>
            <field column="10" value="                                                  " length="50"/>
            <field column="61" value="                    " length="20"/>
        </row>
        <row rowNumber="12">
            <field column="1" value="    " length="4"/>
            <field column="6" value="   " length="3"/>
            <field column="10" value="                                                  " length="50"/>
            <field column="61" value="                    " length="20"/>
        </row>
        <row rowNumber="13">
            <field column="1" value="    " length="4"/>
            <field column="6" value="   " length="3"/>
            <field column="10" value="                                                  " length="50"/>
            <field column="61" value="                    " length="20"/>
        </row>
        <row rowNumber="14">
            <field column="1" value="    " length="4"/>
            <field column="6" value="   " length="3"/>
            <field column="10" value="                                                  " length="50"/>
            <field column="61" value="                    " length="20"/>
        </row>
        <row rowNumber="15">
            <field column="1" value="    " length="4"/>
            <field column="6" value="   " length="3"/>
            <field column="10" value="                                                  " length="50"/>
            <field column="61" value="                    " length="20"/>
        </row>
        <row rowNumber="16">
            <field column="1" value="    " length="4"/>
            <field column="6" value="   " length="3"/>
            <field column="10" value="                                                  " length="50"/>
            <field column="61" value="                    " length="20"/>
        </row>
        <row rowNumber="17">
            <field column="1" value="    " length="4"/>
            <field column="6" value="   " length="3"/>
            <field column="10" value="                                                  " length="50"/>
            <field column="61" value="                    " length="20"/>
        </row>
        <row rowNumber="18">
            <field column="1" value="    " length="4"/>
            <field column="6" value="   " length="3"/>
            <field column="10" value="                                                  " length="50"/>
            <field column="61" value="                 " length="17"/>
            <field column="79" value=" " length="1"/>
        </row>
        <row rowNumber="20">
            <field column="2" value="Selection:" length="10"/>
            <field column="13" value="                                                                    " length="68"/>
        </row>
        <row rowNumber="21">
            <field column="2" value="===&gt;" length="4"/>
            <field column="8" length="2" editable="true" type="java.lang.Integer"/>
            <field column="11" value="                                         " length="41"/>
            <field column="53" value="Company . . . . . ." length="19"/>
            <field column="74" value="101" length="3" editable="true" type="java.lang.Integer"/>
            <field column="78" value="   " length="3"/>
        </row>
        <row rowNumber="23">
            <field column="2" value="F1=Help" length="7"/>
            <field column="11" value="F3=Exit" length="7"/>
            <field column="20" value="F4=Prompt" length="9"/>
            <field column="31" value="F12=Prev" length="8"/>
            <field column="41" value="F21=Command" length="11"/>
            <field column="53" value="                            " length="28"/>
        </row>
        <size rows="24" columns="80"/>
        <cursor row="21" column="8"/>
    </snapshot>
</terminal-trail>