{"screenEntity":{"positionTo":"","itemListRows":[{"action":"","itemNumber":1007,"alphaSearch":"APPLE","itemDescription":"Red apple - FRT"},{"action":"","itemNumber":1008,"alphaSearch":"BANANA","itemDescription":"Banana - FRT"},{"action":"","itemNumber":1005,"alphaSearch":"CARROT","itemDescription":"Carrot - VEG"},{"action":"","itemNumber":1006,"alphaSearch":"CHICKEN","itemDescription":"Chicken breast - MEAT"},{"action":"","itemNumber":1004,"alphaSearch":"CUCUMBER","itemDescription":"Cucumber - VEG"},{"action":"","itemNumber":1018,"alphaSearch":"EANS","itemDescription":"Red beans - VEG"},{"action":"","itemNumber":1020,"alphaSearch":"FIG","itemDescription":"Fresh fig - FRT"},{"action":"","itemNumber":1011,"alphaSearch":"GRAPE","itemDescription":"White grapes - FRT"},{"action":"","itemNumber":1000,"alphaSearch":"HAMBURGER","itemDescription":"Hamburger - MEAT"},{"action":"","itemNumber":1016,"alphaSearch":"MELON","itemDescription":"Yellow melon - FRT"},{"action":"","itemNumber":1013,"alphaSearch":"MUSHROOM","itemDescription":"Champignon mushrooms - VEG"},{"action":"","itemNumber":1015,"alphaSearch":"OLIVE","itemDescription":"Black olive - VEG"}],"errorMessage":null,"focusField":null},"screenEntityName":"ItemsList","paths":[{"entityName":"MainMenu","displayName":"Main Menu","current":false,"entityClass":"apps.inventory.screens.MainMenu"},{"entityName":"InventoryManagement","displayName":"Inventory Management","current":false,"entityClass":"apps.inventory.screens.InventoryManagement"},{"entityName":"ItemsList","displayName":"Items List","current":true,"entityClass":"apps.inventory.screens.ItemsList"}],"actions":[{"displayName":"Number Seq","alias":"numberSeq","actionName":"CombinedTerminalAction","defaultAction":false,"position":null,"additionalKey":"SHIFT","targetEntity":null,"action":{"additionalKey":"SHIFT","terminalAction":"org.openlegacy.terminal.actions.TerminalActions$F6"}}]}