// WARNING: DO NOT EDIT THIS FILE.
// You may push code into the target .java compilation unit if you wish to edit any member(s).
package org.openlegacy.designtime.generators.mock.web;

import java.util.*;
import javax.inject.Inject;
import javax.servlet.http.HttpServletRequest;
import javax.servlet.http.HttpServletResponse;

import org.apache.commons.io.IOUtils;
import org.openlegacy.designtime.generators.mock.*;

import java.io.IOException;
import org.openlegacy.modules.table.Table;
import org.openlegacy.modules.table.TableWriter;
import java.net.MalformedURLException;
import java.net.URL;
import java.text.SimpleDateFormat;
import org.springframework.beans.propertyeditors.CustomDateEditor;

import org.openlegacy.terminal.ScreenEntity;
import org.openlegacy.terminal.TerminalSession;
import org.openlegacy.terminal.actions.TerminalActions;
import org.openlegacy.terminal.services.ScreenEntitiesRegistry;
import org.openlegacy.terminal.json.JsonSerializationUtil;

import org.springframework.stereotype.Controller;
import org.springframework.ui.Model;
import org.springframework.web.bind.annotation.PathVariable;
import org.springframework.web.bind.annotation.RequestMapping;
import org.springframework.web.bind.annotation.RequestMethod;
import org.springframework.http.HttpHeaders;
import org.springframework.http.HttpStatus;
import org.springframework.http.ResponseEntity;
import org.springframework.web.bind.annotation.ResponseBody;
import org.springframework.web.bind.annotation.InitBinder;
import org.springframework.web.bind.WebDataBinder;

import org.openlegacy.designtime.generators.mock.ScreenForPagewithKey;

privileged @SuppressWarnings("unused") aspect ScreenForPagewithKeyController_Aspect {

	@Inject
	private TerminalSession ScreenForPagewithKeyController.terminalSession;

	@Inject
	private ScreenEntitiesRegistry ScreenForPagewithKeyController.screenEntitiesRegistry;

	

	// handle page initial display
    @RequestMapping(value="/{id}", method = RequestMethod.GET)
    public String ScreenForPagewithKeyController.show(@PathVariable Object id, Model uiModel) {
    	ScreenForPagewithKey screenForPagewithKey = terminalSession.getEntity(ScreenForPagewithKey.class,id);
	uiModel.addAttribute("screenForPagewithKey", screenForPagewithKey);
	// show the resulting page for ScreenForPagewithKey
        return "ScreenForPagewithKey";
    }
	
    @RequestMapping(value="/help", method = RequestMethod.GET)
    public @ResponseBody String ScreenForPagewithKeyController.systemHelp(HttpServletRequest request) throws IOException {
    	URL resource = request.getSession().getServletContext().getResource("/help/ScreenForPagewithKey.html");
    	String result = "";
    	if (resource != null){
    		result = IOUtils.toString(resource.openStream());
    	}
    	return result;
    }

	// handle submit action
    @RequestMapping(method = RequestMethod.POST)
    public String ScreenForPagewithKeyController.submit(ScreenForPagewithKey screenForPagewithKey, Model uiModel, HttpServletRequest httpServletRequest) {
	ScreenEntity resultScreenEntity = terminalSession.doAction(TerminalActions.ENTER(), screenForPagewithKey);
	// go to the controller for the resulting screen name
		if (resultScreenEntity != null){
			String screenEntityName = screenEntitiesRegistry.get(resultScreenEntity.getClass()).getEntityClassName();
			if (httpServletRequest.getParameter("partial") != null){
				screenForPagewithKey = terminalSession.getEntity(ScreenForPagewithKey.class);
		    	uiModel.addAttribute("screenForPagewithKey", screenForPagewithKey);
		        return "ScreenForPagewithKey";
			}
        	return "redirect:" + screenEntityName;
		}
    	return "redirect:/";
		
    }
    
	
	
	@InitBinder
	public void ScreenForPagewithKeyController.initBinder(WebDataBinder binder) {
		SimpleDateFormat dateFormat = new SimpleDateFormat("yyyy-MM-dd");
		dateFormat.setLenient(false);
		binder.registerCustomEditor(Date.class, new CustomDateEditor(dateFormat, false));
	}
	
}
