// WARNING: DO NOT EDIT THIS FILE.
// You may push code into the target .java compilation unit if you wish to edit any member(s).
package org.openlegacy.terminal.layout.mock.web;

import java.util.*;
import javax.inject.Inject;
import javax.servlet.http.HttpServletRequest;
import javax.servlet.http.HttpServletResponse;

import org.apache.commons.io.IOUtils;
import org.openlegacy.terminal.layout.mock.*;

import java.io.IOException;
import org.openlegacy.modules.table.Table;
import org.openlegacy.modules.table.TableWriter;
import java.net.MalformedURLException;
import java.net.URL;
import java.text.SimpleDateFormat;
import org.springframework.beans.propertyeditors.CustomDateEditor;

import org.openlegacy.terminal.ScreenEntity;
import org.openlegacy.terminal.TerminalSession;
import org.openlegacy.terminal.actions.TerminalActions;
import org.openlegacy.terminal.spi.ScreenEntitiesRegistry;
import org.openlegacy.terminal.web.JsonSerializationUtil;

import org.springframework.stereotype.Controller;
import org.springframework.ui.Model;
import org.springframework.web.bind.annotation.RequestMapping;
import org.springframework.web.bind.annotation.RequestMethod;
import org.springframework.http.HttpHeaders;
import org.springframework.http.HttpStatus;
import org.springframework.http.ResponseEntity;
import org.springframework.web.bind.annotation.ResponseBody;
import org.springframework.web.bind.annotation.InitBinder;
import org.springframework.web.bind.WebDataBinder;

import org.openlegacy.terminal.layout.mock.ScreenForPage;

privileged @SuppressWarnings("unused") aspect ScreenForPageController_Aspect {

	@Inject
	private TerminalSession ScreenForPageController.terminalSession;

	@Inject
	private ScreenEntitiesRegistry ScreenForPageController.screenEntitiesRegistry;

	@Inject
	private TableWriter ScreenForPageController.tableWriter;
	
	// handle page initial display
    @RequestMapping(method = RequestMethod.GET)
    public String ScreenForPageController.show(Model uiModel) {
    	ScreenForPage screenForPage = terminalSession.getEntity(ScreenForPage.class);
	uiModel.addAttribute("screenForPage", screenForPage);
	// show the resulting page for ScreenForPage
        return "ScreenForPage";
    }

    @RequestMapping(value="/help", method = RequestMethod.GET)
    public @ResponseBody String ScreenForPageController.systemHelp(HttpServletRequest request) throws IOException {
    	URL resource = request.getSession().getServletContext().getResource("/help/ScreenForPage.html");
    	String result = "";
    	if (resource != null){
    		result = IOUtils.toString(resource.openStream());
    	}
    	return result;
    }

	// handle submit action
    @RequestMapping(method = RequestMethod.POST)
    public String ScreenForPageController.submit(ScreenForPage screenForPage, Model uiModel, HttpServletRequest httpServletRequest) {
	ScreenEntity resultScreenEntity = terminalSession.doAction(TerminalActions.ENTER(), screenForPage);
	// go to the controller for the resulting screen name
		if (resultScreenEntity != null){
			String screenEntityName = screenEntitiesRegistry.get(resultScreenEntity.getClass()).getEntityClassName();
			if (httpServletRequest.getParameter("partial") != null){
				screenForPage = terminalSession.getEntity(ScreenForPage.class);
		    	uiModel.addAttribute("screenForPage", screenForPage);
		        return "ScreenForPage";
			}
        	return "redirect:" + screenEntityName;
		}
    	return "redirect:/";
		
    }
    
	// handle help action
    @RequestMapping(params="action=help", method = RequestMethod.POST)
    public String ScreenForPageController.help(ScreenForPage screenForPage, Model uiModel, HttpServletRequest httpServletRequest) {
	ScreenEntity resultScreenEntity = terminalSession.doAction(TerminalActions.F1(), screenForPage);
	// go to the controller for the resulting screen name
		if (resultScreenEntity != null){
			String screenEntityName = screenEntitiesRegistry.get(resultScreenEntity.getClass()).getEntityClassName();
			if (httpServletRequest.getParameter("partial") != null){
				screenForPage = terminalSession.getEntity(ScreenForPage.class);
		    	uiModel.addAttribute("screenForPage", screenForPage);
		        return "ScreenForPage";
			}
        	return "redirect:" + screenEntityName;
		}
    	return "redirect:/";
		
    }
	// handle exit action
    @RequestMapping(params="action=exit", method = RequestMethod.POST)
    public String ScreenForPageController.exit(ScreenForPage screenForPage, Model uiModel, HttpServletRequest httpServletRequest) {
	ScreenEntity resultScreenEntity = terminalSession.doAction(TerminalActions.F3(), screenForPage);
	// go to the controller for the resulting screen name
		if (resultScreenEntity != null){
			String screenEntityName = screenEntitiesRegistry.get(resultScreenEntity.getClass()).getEntityClassName();
			if (httpServletRequest.getParameter("partial") != null){
				screenForPage = terminalSession.getEntity(ScreenForPage.class);
		    	uiModel.addAttribute("screenForPage", screenForPage);
		        return "ScreenForPage";
			}
        	return "redirect:" + screenEntityName;
		}
    	return "redirect:/";
		
    }
	// handle previous action
    @RequestMapping(params="action=previous", method = RequestMethod.POST)
    public String ScreenForPageController.previous(ScreenForPage screenForPage, Model uiModel, HttpServletRequest httpServletRequest) {
	ScreenEntity resultScreenEntity = terminalSession.doAction(TerminalActions.PAGEUP(), screenForPage);
	// go to the controller for the resulting screen name
		if (resultScreenEntity != null){
			String screenEntityName = screenEntitiesRegistry.get(resultScreenEntity.getClass()).getEntityClassName();
			if (httpServletRequest.getParameter("partial") != null){
				screenForPage = terminalSession.getEntity(ScreenForPage.class);
		    	uiModel.addAttribute("screenForPage", screenForPage);
		        return "ScreenForPage";
			}
        	return "redirect:" + screenEntityName;
		}
    	return "redirect:/";
		
    }
	// handle next action
    @RequestMapping(params="action=next", method = RequestMethod.POST)
    public String ScreenForPageController.next(ScreenForPage screenForPage, Model uiModel, HttpServletRequest httpServletRequest) {
	ScreenEntity resultScreenEntity = terminalSession.doAction(TerminalActions.PAGEDOWN(), screenForPage);
	// go to the controller for the resulting screen name
		if (resultScreenEntity != null){
			String screenEntityName = screenEntitiesRegistry.get(resultScreenEntity.getClass()).getEntityClassName();
			if (httpServletRequest.getParameter("partial") != null){
				screenForPage = terminalSession.getEntity(ScreenForPage.class);
		    	uiModel.addAttribute("screenForPage", screenForPage);
		        return "ScreenForPage";
			}
        	return "redirect:" + screenEntityName;
		}
    	return "redirect:/";
		
    }
	
	// export to excel
    @RequestMapping(value="/excel", method = RequestMethod.GET)
    public void ScreenForPageController.excel(HttpServletResponse response) throws IOException {
    	List<ScreenForPage.ScreenForPageRecord> records = terminalSession.getModule(Table.class).collectOne(ScreenForPage.class,ScreenForPage.ScreenForPageRecord.class);
		response.setContentType("application/vnd.ms-excel");
		response.addHeader("Content-Disposition", "attachment; filename=\"ScreenForPage.xls\"");
    	tableWriter.writeTable(records, response.getOutputStream());
    }
	
	
	
	// handle ajax request for fldRow10 field
	@RequestMapping(value="/fldRow10", method = RequestMethod.GET)
    @ResponseBody
	public ResponseEntity<String> ScreenForPageController.FldRow10Json() {
    	ScreenForPage screenForPage = terminalSession.getEntity(ScreenForPage.class);
    	
		HttpHeaders headers = new HttpHeaders();
        headers.add("Content-Type", "application/text; charset=utf-8");
		Map<Object,Object> fldRow10Values = screenForPage.getFldRow10Values();
		
		String result = JsonSerializationUtil.toDojoFormat(fldRow10Values);
        return new ResponseEntity<String>(result, headers, HttpStatus.OK);
    }
	
	@InitBinder
	public void ScreenForPageController.initBinder(WebDataBinder binder) {
		SimpleDateFormat dateFormat = new SimpleDateFormat("yyyy-MM-dd");
		dateFormat.setLenient(false);
		binder.registerCustomEditor(Date.class, new CustomDateEditor(dateFormat, false));
	}
	
}
