// WARNING: DO NOT EDIT THIS FILE.
// You may push code into the target .java compilation unit if you wish to edit any member(s).

package com.someorg.examples.screens;

import java.util.*;
import org.openlegacy.terminal.ScreenEntity;
import org.springframework.stereotype.Component;
import org.springframework.context.annotation.Scope;

privileged @SuppressWarnings("unused") aspect ScreenWithValues_Aspect {
    
    declare @type: ScreenWithValues : @Component;
	declare @type: ScreenWithValues : @Scope("prototype");
    

    declare parents: ScreenWithValues implements ScreenEntity;
    private String ScreenWithValues.focusField;
    
	

    private Map<Object,Object> ScreenWithValues.someFieldValues;
    

    public String ScreenWithValues.getSomeField(){
    	return this.someField;
    }
    

    public Map<Object,Object> ScreenWithValues.getSomeFieldValues(){
    	return someFieldValues;
    }



    public String ScreenWithValues.getFocusField(){
    	return focusField;
    }
    public void ScreenWithValues.setFocusField(String focusField){
    	this.focusField = focusField;
    }
    
}
