<style>#terminalSnapshot {direction:ltr;font-family:Courier New;font-size:16px} #terminalSnapshot span {white-space: pre;position:absolute;} #terminalSnapshot input, #terminalSnapshot textarea {position:absolute;font-family:Courier New;font-size:16px;height:16px;}</style><div id="terminalSnapshot">
<form action="emulation" id="openlegacyForm" method="post" name="openlegacyForm" style="position:relative;width:810px;height:475px;">
<input name="TerminalCursor" type="hidden" value="p_6_53"><input name="KeyboardKey" type="hidden"><input name="Sequence" type="hidden" value="1"><span id="p_1_23" style="top:19px;left:360px;color:black;">Sign On</span><span id="p_2_48" style="top:38px;left:480px;">System  . . . . . :</span><span id="p_2_70" style="top:38px;left:700px;">S44R5550</span><span id="p_3_48" style="top:57px;left:480px;">Subsystem . . . . :</span><span id="p_3_70" style="top:57px;left:700px;">QBASE</span><span id="p_4_48" style="top:76px;left:480px;">Display . . . . . :</span><span id="p_4_70" style="top:76px;left:700px;">QPADEV00RT</span><span id="p_6_17" style="top:114px;left:170px;">User  . . . . . . . . . . . . . .</span><input id="p_6_53" maxlength="10" name="p_6_53" style="top:114px;left:530px;width:103px;" value="user"><span id="p_7_17" style="top:133px;left:170px;">Password  . . . . . . . . . . . .</span><input id="p_7_53" maxlength="10" name="p_7_53" style="top:133px;left:530px;width:103px;" value="pwd"><span id="p_8_17" style="top:152px;left:170px;">Program/procedure . . . . . . . .</span><input id="p_8_53" maxlength="10" name="p_8_53" style="top:152px;left:530px;width:103px;" value=""><span id="p_9_17" style="top:171px;left:170px;">Menu  . . . . . . . . . . . . . .</span><input id="p_9_53" maxlength="10" name="p_9_53" style="top:171px;left:530px;width:103px;" value=""><span id="p_10_17" style="top:190px;left:170px;">Current library . . . . . . . . .</span><input id="p_10_53" maxlength="10" name="p_10_53" style="top:190px;left:530px;width:103px;" value=""><span id="p_24_40" style="top:456px;left:410px;color:black;">(C) COPYRIGHT IBM CORP. 1980, 1999.</span><script type="text/javascript">try { document.openlegacyForm.p_6_53.focus(); } catch(exception) { }</script>
</form>
</div>