<div xmlns:spring="http://www.springframework.org/tags"
	xmlns:fn="http://java.sun.com/jsp/jstl/functions"
	xmlns:util="urn:jsptagdir:/WEB-INF/tags/util"
	xmlns:c="http://java.sun.com/jsp/jstl/core"
	xmlns:form="urn:jsptagdir:/WEB-INF/tags/form"
	xmlns:fields="urn:jsptagdir:/WEB-INF/tags/form/fields"
	xmlns:jsp="http://java.sun.com/JSP/Page" version="2.0">
	<jsp:directive.page contentType="text/html;charset=UTF-8" />
	<jsp:output omit-xml-declaration="yes" />
	<spring:message code="security_login_title" var="title"
		htmlEscape="false" />

	<form>
				<div style="margin-left: 73%; margin-top: 4%; width: 25%" class="panel">
			<div class="field">
				
				<label>Field 1A: </label>
				<span>${screen1.field1A}"</span>
			</div>
			<div class="field">
				
				<label>Field 1BB: </label>
				<span>${screen1.field1B}"</span>
			</div>
			<div class="field">
				
				<label>Field 1CCC: </label>
				<span>${screen1.field1C}"</span>
			</div>
		</div>
		<div style="margin-left: 53%; margin-top: 20%; width: 25%" class="panel">
			<div class="field">
				
				<label>field2A: </label>
				<input value="${screen1.field2A}" />			</div>
			<div class="field">
				
				<label>field2B: </label>
				<input value="${screen1.field2B}" />			</div>
			<div class="field">
				
				<label>field2C: </label>
				<input value="${screen1.field2C}" />			</div>
		</div>
		<div style="margin-left: 28%; margin-top: 37%; width: 36%" class="panel">
			<div class="col_1_of_2 field">
				
				<label>field3A: </label>
				<span>${screen1.field3A}"</span>
			</div>
			<div class="col_2_of_2 field">
				
				<label>field3B: </label>
				<span>${screen1.field3B}"</span>
			</div>
		</div>
		
	</form>
</div>
