// WARNING: DO NOT EDIT THIS FILE.
// You may push code into the target .java compilation unit if you wish to edit any member(s).

package org.openlegacy.rpc.samples.model;

import java.util.*;
import org.openlegacy.rpc.RpcEntity;

privileged @SuppressWarnings("unused") aspect NewItemDetails_Aspect {
    declare parents: NewItemDetails implements RpcEntity;
    
    public Integer NewItemDetails.getItemNum(){
    	return this.itemNum;
    }
    public void NewItemDetails.setItemNum(Integer itemNum){
    	this.itemNum = itemNum;
    }
    public ItemRecord NewItemDetails.getItemRecord(){
    	return this.itemRecord;
    }
    public void NewItemDetails.setItemRecord(ItemRecord itemRecord){
    	this.itemRecord = itemRecord;
    }
    public Shipping NewItemDetails.getShipping(){
    	return this.shipping;
    }
    public void NewItemDetails.setShipping(Shipping shipping){
    	this.shipping = shipping;
    }
    
}
