package test.com;

import java.math.BigInteger;
import java.util.List;

import org.openlegacy.annotations.rpc.*;
import org.openlegacy.FieldType.*;
import org.openlegacy.rpc.actions.RpcActions.*;

@RpcNavigation(category = "menuNavigation")
@RpcEntity(name="SampprogExpand")
@RpcActions(actions = { 
				@Action(action = READ.class, path = "/root/path", displayName = "Read", alias = "read") 
				})
public class SampprogExpand {

		private CmVars cmVars = new CmVars();

	@RpcPart(name="CmVars", legacyContainerName = "Dfhcommarea")
	public static class CmVars {

		@RpcField(length = 20, originalName = "CM-MYVAR")
		private String cmMyvar;

		@RpcNumericField(minimumValue=-999999999, maximumValue=999999999, decimalPlaces=0)
		@RpcField(length = 9, originalName = "CM-OTHER-VAR")
		private Integer cmOtherVar;

		@RpcField(length = 1, originalName = "CM-ANOTHER-VAR")
		private String cmAnotherVar;

	}
}

