package com.test;

import org.openlegacy.annotations.screen.ScreenField;
import org.openlegacy.annotations.screen.Identifier;
import org.openlegacy.annotations.screen.ScreenEntity;
import org.openlegacy.annotations.screen.ScreenIdentifiers;
import org.openlegacy.annotations.screen.ScreenActions;
import org.openlegacy.annotations.screen.Action;
import org.openlegacy.terminal.actions.TerminalActions;
import org.openlegacy.terminal.definitions.TerminalActionDefinition.AdditionalKey;
import java.util.List;
import org.openlegacy.annotations.screen.ScreenTable;

@ScreenEntity
@ScreenIdentifiers(identifiers = { 
				@Identifier(row = 2, column = 26, value = "    Work with Item Master     "), 
				@Identifier(row = 4, column = 2, value = "Type one or more action codes. Then Enter.                                    ") 
				})
@ScreenActions(actions = { 
				@Action(action = TerminalActions.F1.class, displayName = "Help"), 
				@Action(action = TerminalActions.F3.class, displayName = "Exit"), 
				@Action(action = TerminalActions.F6.class, displayName = "Create"), 
				@Action(action = TerminalActions.F12.class, displayName = "Cancel"), 
				@Action(action = TerminalActions.F6.class ,additionalKey= AdditionalKey.SHIFT, displayName = "Number Seq") 
				})
public class WorkWithItemMaster {
    
	@ScreenField(row = 21, column = 19 ,editable= true ,displayName = "Position to")
    private String positionTo;

    
    private List<WorkWithItemMasterRow> workWithItemMasterRows;


	@ScreenTable(startRow = 8, endRow = 19)
	public static class WorkWithItemMasterRow {
		@ScreenColumn(startColumn = 4, endColumn = 4, editable=true, selectionField=true ,displayName = "Action")
		private String action;
		
		@ScreenColumn(startColumn = 11, endColumn = 20 ,displayName = "Alpha search", sampleValue="APPLE")
		private String alphaSearch;
		
		@ScreenColumn(startColumn = 24, endColumn = 63 ,displayName = "Item Description", sampleValue="Red apple - FRT")
		private String itemDescription;
		
		@ScreenColumn(startColumn = 65, endColumn = 79 ,displayName = "Item Number", sampleValue="1007")
		private String itemNumber;
		
	}    
 
}